
> nexus-booster@1.0.0 test:ui /app
> vitest run


[1m[46m RUN [49m[22m [36mv4.1.2 [39m[90m/app[39m

 [32m✓[39m src/App.test.tsx [2m([22m[2m13 tests[22m[2m)[22m[33m 540[2mms[22m[39m

[2m Test Files [22m [1m[32m1 passed[39m[22m[90m (1)[39m
[2m      Tests [22m [1m[32m13 passed[39m[22m[90m (13)[39m
[2m   Start at [22m 20:35:51
[2m   Duration [22m 1.99s[2m (transform 306ms, setup 103ms, import 605ms, tests 540ms, environment 564ms)[22m
